___________________________________________________________________________
I'm B33PBOP...
What do you want?
___________________________________________________________________________

___________________________________________________________________________
This will be the last time i'm adding this for you:
 [T][ ] borrow book
___________________________________________________________________________

___________________________________________________________________________
You really need help remembering all these?
1.[T][ ] borrow book
___________________________________________________________________________

___________________________________________________________________________
This will be the last time i'm adding this for you:
 [D][ ] return book (by: sunday)
___________________________________________________________________________

___________________________________________________________________________
This will be the last time i'm adding this for you:
 [E][ ] project meeting (from: mon 2pm to: 4pm)
___________________________________________________________________________

___________________________________________________________________________
You really need help remembering all these?
1.[T][ ] borrow book
2.[D][ ] return book (by: sunday)
3.[E][ ] project meeting (from: mon 2pm to: 4pm)
___________________________________________________________________________

___________________________________________________________________________
This will be the last time i'm adding this for you:
 [D][ ] do homework (by: no idea :-p)
___________________________________________________________________________

___________________________________________________________________________
You really need help remembering all these?
1.[T][ ] borrow book
2.[D][ ] return book (by: sunday)
3.[E][ ] project meeting (from: mon 2pm to: 4pm)
4.[D][ ] do homework (by: no idea :-p)
___________________________________________________________________________

___________________________________________________________________________
Ugh. Can't you do this yourself?
[E][X] project meeting
___________________________________________________________________________

___________________________________________________________________________
You really need help remembering all these?
1.[T][ ] borrow book
2.[D][ ] return book (by: sunday)
3.[E][X] project meeting (from: mon 2pm to: 4pm)
4.[D][ ] do homework (by: no idea :-p)
___________________________________________________________________________

___________________________________________________________________________
Ugh. Can't you do this yourself?
[T][X] borrow book
___________________________________________________________________________

___________________________________________________________________________
You really need help remembering all these?
1.[T][X] borrow book
2.[D][ ] return book (by: sunday)
3.[E][X] project meeting (from: mon 2pm to: 4pm)
4.[D][ ] do homework (by: no idea :-p)
___________________________________________________________________________

___________________________________________________________________________
Make up your mind...
[E][ ] project meeting
___________________________________________________________________________

___________________________________________________________________________
You really need help remembering all these?
1.[T][X] borrow book
2.[D][ ] return book (by: sunday)
3.[E][ ] project meeting (from: mon 2pm to: 4pm)
4.[D][ ] do homework (by: no idea :-p)
___________________________________________________________________________

___________________________________________________________________________
Please leave me alone
___________________________________________________________________________
