___________________________________________________________________________
I'm B33PBOP.ui.B33PBOP...
What do you want?
___________________________________________________________________________

___________________________________________________________________________
This will be the last time i'm adding this for you:
 [D][ ] complete cs1231s (by: monday)
___________________________________________________________________________

___________________________________________________________________________
This will be the last time i'm adding this for you:
 [D][ ] complete cs1101s (by: tuesday)
___________________________________________________________________________

___________________________________________________________________________
This will be the last time i'm adding this for you:
 [D][ ] complete es2660 (by: wednesday)
___________________________________________________________________________

___________________________________________________________________________
This will be the last time i'm adding this for you:
 [D][ ] complete is1108 (by: thursday)
___________________________________________________________________________

___________________________________________________________________________
You really need help remembering all these?
1.[D][ ] complete cs1231s (by: monday)
2.[D][ ] complete cs1101s (by: tuesday)
3.[D][ ] complete es2660 (by: wednesday)
4.[D][ ] complete is1108 (by: thursday)
___________________________________________________________________________

___________________________________________________________________________
Please leave me alone
___________________________________________________________________________