___________________________________________________________________________
I'm B33PBOP.ui.B33PBOP...
What do you want?
___________________________________________________________________________

___________________________________________________________________________
This will be the last time i'm adding this for you:
 [E][ ] breakfast (from: mon 7am to: 9am)
___________________________________________________________________________

___________________________________________________________________________
This will be the last time i'm adding this for you:
 [E][ ] lunch (from: mon 12pm to: 2pm)
___________________________________________________________________________

___________________________________________________________________________
This will be the last time i'm adding this for you:
 [E][ ] dinner (from: mon 6pm to: 8pm)
___________________________________________________________________________

___________________________________________________________________________
This will be the last time i'm adding this for you:
 [E][ ] supper (from: mon 12am to: 2am)
___________________________________________________________________________

___________________________________________________________________________
You really need help remembering all these?
1.[E][ ] breakfast (from: mon 7am to: 9am)
2.[E][ ] lunch (from: mon 12pm to: 2pm)
3.[E][ ] dinner (from: mon 6pm to: 8pm)
4.[E][ ] supper (from: mon 12am to: 2am)
___________________________________________________________________________

___________________________________________________________________________
Please leave me alone
___________________________________________________________________________
