___________________________________________________________________________
I'm B33PBOP...
What do you want?
___________________________________________________________________________

___________________________________________________________________________
This will be the last time i'm adding this for you:
 [T][ ] math
___________________________________________________________________________

___________________________________________________________________________
This will be the last time i'm adding this for you:
 [T][ ] science
___________________________________________________________________________

___________________________________________________________________________
This will be the last time i'm adding this for you:
 [T][ ] english
___________________________________________________________________________

___________________________________________________________________________
This will be the last time i'm adding this for you:
 [T][ ] chinese
___________________________________________________________________________

___________________________________________________________________________
You really need help remembering all these?
1.[T][ ] math
2.[T][ ] science
3.[T][ ] english
4.[T][ ] chinese
___________________________________________________________________________

___________________________________________________________________________
Please leave me alone
___________________________________________________________________________