___________________________________________________________________________
I'm B33PBOP.ui.B33PBOP...
What do you want?
___________________________________________________________________________

___________________________________________________________________________
This will be the last time i'm adding this for you:
 [T][ ] math homework
___________________________________________________________________________

___________________________________________________________________________
You really need help remembering all these?
1.[T][ ] math homework
___________________________________________________________________________

___________________________________________________________________________
Ugh. Can't you do this yourself?
[T][X] math homework
___________________________________________________________________________

___________________________________________________________________________
You really need help remembering all these?
1.[T][X] math homework
___________________________________________________________________________

___________________________________________________________________________
Make up your mind...
[T][ ] math homework
___________________________________________________________________________

___________________________________________________________________________
You really need help remembering all these?
1.[T][ ] math homework
___________________________________________________________________________

___________________________________________________________________________
Please leave me alone
___________________________________________________________________________