___________________________________________________________________________
I'm B33PBOP
What do you want?
___________________________________________________________________________

___________________________________________________________________________
This will be the last time I'm adding this for you:
 + [D][ ] return book (by: Oct 10 2026)
___________________________________________________________________________

___________________________________________________________________________
Please leave me alone
___________________________________________________________________________

