___________________________________________________________________________
I'm B33PBOP
What do you want?
___________________________________________________________________________

___________________________________________________________________________
This will be the last time I'm adding this for you:
 + [E][ ] class (from: May 11 2025 08:00 to: May 11 2025 11:00)
___________________________________________________________________________

___________________________________________________________________________
This will be the last time I'm adding this for you:
 + [E][ ] class (from: May 11 2025 08:00 to: May 11 2025 11:00)
___________________________________________________________________________

___________________________________________________________________________
This will be the last time I'm adding this for you:
 + [E][ ] work (from: Nov 5 2025 08:00 to: Dec 5 2025 11:00)
___________________________________________________________________________

___________________________________________________________________________
Please leave me alone
___________________________________________________________________________

